Id_Reparto,Codice_Copertura,Codice_Predefinito,Id_Fascia_Lavorativa,Id_Raggruppamento,Id_Mansione,Copertura_Gruppo,Copertura_Mansione
ADT,d,0,G,000,OSS,0,0
ADT,p,1,G,000,OSS,3,NULL
ADT,s,0,G,000,OSS,2,2
CVACC,S,1,M,000,IP,1,1
CVACC,S,1,P,000,IP,1,1
DH,2,0,G,000,IP,2,NULL
DH,3,0,G,000,IP,0,NULL
DH,S,1,G,000,CS,5,1
DH,S,1,G,000,IP,NULL,NULL
MED,S,1,G,000,MEDSP,0,NULL
MEDG,S,1,N,000,MEDGU,0,NULL
REP0,S,1,G,000,IP,2,1
REP0,S,1,G,000,OSS,NULL,1
REP0,S,0,M,000,ASA,NULL,0
REP0,S,0,N,000,IP,1,1
REP0,S,0,P,000,ASA,NULL,0
REP0,S,0,P,000,IP,1,1
REP0,S,0,P,000,OSS,NULL,0
REP1,S,1,M,000,IP,7,2
REP1,S,1,M,000,OSS,NULL,NULL
REP1,S,1,N,000,IP,2,1
REP1,S,1,N,000,OSS,NULL,1
REP1,S,1,P,000,IP,5,2
REP1,S,1,P,000,OSS,NULL,3
REP2,S,1,M,000,IP,7,2
REP2,S,1,M,000,OSS,NULL,5
REP2,S,1,N,000,IP,2,1
REP2,S,1,N,000,OSS,NULL,1
REP2,S,1,P,000,IP,5,2
REP2,S,1,P,000,OSS,NULL,3
REP3,S,1,M,000,IP,7,2
REP3,S,1,M,000,OSS,NULL,5
REP3,S,1,N,000,IP,2,1
REP3,S,1,N,000,OSS,NULL,1
REP3,S,1,P,000,IP,5,2
REP3,S,1,P,000,OSS,NULL,3
REP5,S,1,M,000,IP,7,2
REP5,S,1,M,000,OSS,NULL,5
REP5,S,1,N,000,IP,2,1
REP5,S,1,N,000,OSS,NULL,1
REP5,S,1,P,000,IP,5,2
REP5,S,1,P,000,OSS,NULL,3
RIA,S,1,G,000,FIS.,0,NULL
RIA,S,1,G,000,LOGO,NULL,NULL
RIA,S,1,G,000,NEURO,NULL,NULL
RIA,S,1,G,000,TEROC,NULL,NULL
RIA2,S,1,G,000,FIS.,0,NULL

(47 righe interessate)


Ora di completamento: 2025-10-28T10:27:35.6131788+01:00
