Id_Repa,Id_Prof_Gior
ACCRIC,ACC00S
ACCRIC,ACCBOZ
ACCRIC,ACCH01
ACCRIC,ACCH02
ACCRIC,ACCMAM
ACCRIC,ACCSN
ACCRIC,ACCst
ACCRIC,ACRIC1
ACCRIC,ACRIC2
ACCRIC,ACRIC3
ACCRIC,ACRIC4
ACCRIC,ACRICA
ACCRIC,ACRICB
ACCRIC,ACRICE
ACCRIC,ACRICL
ACCRIC,PD001
ACCRIC,RIP
ACCRIC,RIPD
ADT,ABP04
ADT,ABP09
ADT,ABP10
ADT,ABP11
ADT,ABT01
ADT,CON004
ADT,OSSPO1
ADT,OSSPO2
ADT,OSSPO3
ADT,PD001
ADT,RIP
ADT,RIPD
ADT,RIPDA
ADT,RIPF
AMB,AM14
AMB,AMB000
AMB,AMB001
AMB,AMB002
AMB,AMB003
AMB,AMB004
AMB,AMB005
AMB,AMB006
AMB,AMB007
AMB,AMB008
AMB,AMB009
AMB,AMB010
AMB,AMB012
AMB,AMB013
AMB,AMB014
AMB,AMB015
AMB,AMB016
AMB,AMB017
AMB,AMB018
AMB,AMB019
AMB,AMB020
AMB,AMB022
AMB,AMB023
AMB,AMB024
AMB,AMB025
AMB,AMB026
AMB,AMB028
AMB,AMB029
AMB,AMB030
AMB,AMB031
AMB,AMB032
AMB,AMB034
AMB,AMB035
AMB,AMB038
AMB,AMB03b
AMB,AMB044
AMB,AMB045
AMB,AMB047
AMB,AMB050
AMB,AMB055
AMB,AMB060
AMB,AMB070
AMB,AMB0èè
AMB,AMB100
AMB,AMB101
AMB,AMB102
AMB,AMB103
AMB,AMB111
AMB,AMB115
AMB,AMB12
AMB,AMB300
AMB,AMB301
AMB,AMB333
AMB,AMB444
AMB,AMB555
AMB,AMB60
AMB,AMB66
AMB,AMB888
AMB,AMBCCC
AMB,AMBdo
AMB,AMBfr
AMB,AMBma
AMB,AMBmae
AMB,AMBmat
AMB,AMBPO
AMB,AMBpp
AMB,AMBPPP
AMB,AMBPR
AMB,AMBPRP
AMB,AMBQ
AMB,AMBra
AMB,AMBra1
AMB,AMBra8
AMB,AMBser
AMB,AMBTRR
AMB,AMBttt
AMB,AMBun
AMB,PD001
AMB,POLLIB
AMB,RIP
AMB,RIPD
AMBINF,AMB005
AMBINF,AMB014
AMBINF,AMB015
AMBINF,AMB016
AMBINF,AMB022
AMBINF,AMBPO
AMBINF,PD001
AMBINF,RIP
AMBINF,RIPD
AMM,CON001
AMM,CON002
AMM,CON003
AMM,CON004
AMM,PD001
AMM,PRES
AMM,RIP
AMM,RIPD
AMM,SDIR2
ASSSOC,ABA01
ASSSOC,ASSO01
ASSSOC,ASSO02
ASSSOC,PD001
ASSSOC,RIP
ASSSOC,RIPDA
ASSSOC,RIPF
ASSSOC,RIPSA
CEN,CEN001
CEN,CEN002
CEN,CEN007
CEN,CEN008
CEN,CENIMA
CEN,CENMAT
CEN,CENPOI
CEN,CENPOM
CEN,CENPOR
CEN,GUACA
CEN,PD001
CEN,RIP
CEN,RIPD
CVACC,DACOMP
CVACC,IP001
CVACC,IP001p
CVACC,IP002
CVACC,IP002p
CVACC,IP003
CVACC,IP004
CVACC,IP005
CVACC,IP006
CVACC,PD001
CVACC,RIPD
CVACC,RIPT
DH,ABT01
DH,ABT05
DH,INFDH
DH,PD001
DH,RIP
DH,RIPD
DH,RIPF
DH,RIPT
GUA,IP001
GUA,IP002
GUA,PD001
GUA,RIP
MAG,MAGFA1
MAG,MAGFA2
MAG,MAGFA3
MAG,MAGFA4
MAG,MAGFA5
MAG,PD001
MAG,RIP
MAG,RIPD
MANU,MANU01
MANU,MANU02
MANU,MANU03
MANU,MANU04
MANU,MANU05
MANU,MANU06
MANU,MANU07
MANU,MANU08
MANU,MANU10
MANU,MANU11
MANU,PD001
MANU,RIP
MANU,RIPD
MED,MED102
MED,MED103
MED,MED201
MED,MED20P
MED,MEDGG
MED,MEDGN
MED,PD001
MED,RIP
MED,RIPDMA
MED,RIPSMA
MEDG,MED102
MEDG,MEDGG
MEDG,MEDGN
MEDG,MG P/N
MEDG,MG1/2
MEDG,PD001
MEDG,RIPM
REP0,ARRI3
REP0,ARRI4
REP0,ARRI5
REP0,ARRI6
REP0,ARTU1
REP0,CAP
REP0,IP001
REP0,IP001p
REP0,IP002
REP0,IP002p
REP0,IP003
REP0,IP004
REP0,PD001
REP0,RIP
REP0,RIPT
REP1,CAPNUO
REP1,DACOMP
REP1,IP001
REP1,IP002
REP1,IP003
REP1,IP004
REP1,IP005
REP1,IP006
REP1,PD001
REP1,RIP
REP2,CAPNUO
REP2,DACOMP
REP2,IP001
REP2,IP002
REP2,IP003
REP2,IP004
REP2,IP005
REP2,IP006
REP2,PD001
REP2,RIP
REP3,CAPNUO
REP3,DACOMP
REP3,IP001
REP3,IP002
REP3,IP003
REP3,IP004
REP3,IP005
REP3,IP006
REP3,PD001
REP3,RIP
REP5,CAPNUO
REP5,DACOMP
REP5,IP001
REP5,IP002
REP5,IP003
REP5,IP004
REP5,IP005
REP5,IP006
REP5,PD001
REP5,RIP
RIA,COORDP
RIA,DACOMP
RIA,NEU55
RIA,NEULIB
RIA,PD001
RIA,RIAL02
RIA,RIAL08
RIA,RIP
RIA,RIPD
RIA,RNEW
RIA2,AMB010
RIA2,AMB881
RIA2,AMB882
RIA2,COORDP
RIA2,DACOMP
RIA2,NEULIB
RIA2,PD001
RIA2,R2026
RIA2,R22222
RIA2,R2S01
RIA2,R2S02
RIA2,R2S025
RIA2,R2S026
RIA2,R2S027
RIA2,R2S028
RIA2,R2S02B
RIA2,R2S02h
RIA2,R2S03
RIA2,R2S22
RIA2,R2S55
RIA2,R2S99
RIA2,RIP
RIA2,RIPD
RIA2,Rsp
sge,PD001
sge,RIP
sge,ROGINA
TIR,ABT01
TIR,ABT02
TIR,ABT03
TIR,IP004
TIR,PD001
TIR,RIPF

